[
  {
    "name": "com.google.cloud.asset.v1.BatchGetEffectiveIamPolicies",
    "allDeclaredFields": true
  },
  {
    "name": "com.google.cloud.asset.v1.BatchGetEffectiveIamPolicies",
    "allDeclaredFields": true
  },
  {
    "name": "com.google.cloud.asset.v1.BatchGetEffectiveIamPolicies",
    "allDeclaredFields": true
  },
  {
    "name": "com.google.cloud.asset.v1.BatchGetEffectiveIamPolicies",
    "allDeclaredFields": true
  },
  {
    "name": "com.google.cloud.asset.v1.BatchGetEffectiveIamPolicies",
    "allDeclaredFields": true
  },
  {
    "name": "com.google.cloud.asset.v1.BatchGetEffectiveIamPolicies",
    "allDeclaredFields": true
  },
  {
    "name": "com.google.cloud.asset.v1.BatchGetEffectiveIamPolicies",
    "allDeclaredFields": true
  },
  {
    "name": "com.google.cloud.asset.v1.BatchGetEffectiveIamPolicies",
    "allDeclaredFields": true
  },
  {
    "name": "com.google.cloud.asset.v1.BatchGetEffectiveIamPolicies",
    "allDeclaredFields": true
  },
  {
    "name": "com.google.cloud.asset.v1.BatchGetEffectiveIamPolicies",
    "allDeclaredFields": true
  },
  {
    "name": "com.google.cloud.asset.v1.BatchGetEffectiveIamPolicies",
    "allDeclaredFields": true
  },
  {
    "name": "com.google.cloud.asset.v1.BatchGetEffectiveIamPolicies",
    "allDeclaredFields": true
  },
  {
    "name": "com.google.cloud.asset.v1.BatchGetEffectiveIamPolicies",
    "allDeclaredFields": true
  },
  {
    "name": "com.google.cloud.asset.v1.BatchGetEffectiveIamPolicies",
    "allDeclaredFields": true
  },
  {
    "name": "com.google.cloud.asset.v1.BatchGetEffectiveIamPolicies",
    "allDeclaredFields": true
  },
  {
    "name": "com.google.cloud.asset.v1.BatchGetEffectiveIamPolicies",
    "allDeclaredFields": true
  },
  {
    "name": "com.google.cloud.asset.v1.BatchGetEffectiveIamPolicies",
    "allDeclaredFields": true
  },
  {
    "name": "com.google.cloud.asset.v1.BatchGetEffectiveIamPolicies",
    "allDeclaredFields": true
  },
  {
    "name": "com.google.cloud.asset.v1.BatchGetEffectiveIamPolicies",
    "allDeclaredFields": true
  },
  {
    "name": "com.google.cloud.asset.v1.BatchGetEffectiveIamPolicies",
    "allDeclaredFields": true
  }
]